
- NASM Map file ---------------------------------------------------------------

Source file:  src/kernel.asm
Output file:  build/kernel.bin

-- Program origin -------------------------------------------------------------

00000000

-- Sections (summary) ---------------------------------------------------------

Vstart            Start             Stop              Length    Class     Name
               0                 0              4000  00004000  progbits  .text

-- Sections (detailed) --------------------------------------------------------

---- Section .text ------------------------------------------------------------

class:     progbits
length:                4000
start:                    0
align:     not defined
follows:   not defined
vstart:                   0
valign:    not defined
vfollows:  not defined

-- Symbols --------------------------------------------------------------------

---- No Section ---------------------------------------------------------------

Value     Name
00000021  APP_BLOCK_START
00000008  APP_BLOCKS_SIZE
000007E0  APP_SEGMENT
00000029  PLUM_BLOCK_START
00000020  PLUM_BLOCKS_SIZE
00000900  PLUM_SEGMENT


---- Section .text ------------------------------------------------------------

Real              Virtual           Name
               0                 0  start
               3                 3  nl
               6                 6  proj_e_print
               8                 8  proj_e_print.printchar
              12                12  proj_e_print.done
              13                13  proj_e_reboot
              18                18  proj_e_waitkeypress
              1D                1D  proj_e_print_hex
              26                26  proj_e_print_hex_word
              36                36  proj_e_print_hex_word.loop
              4F                4F  proj_e_get_user_input
              52                52  proj_e_get_user_input.get_char_and_add_to_buffer
              72                72  proj_e_get_user_input.put_normal_char
              76                76  proj_e_get_user_input.next
              7E                7E  proj_e_get_user_input.backspace_pressed
              9A                9A  proj_e_get_user_input.enter_pressed
              9D                9D  proj_e_get_user_input.buffer_overflow
              A0                A0  proj_e_get_user_input.exit_routine
              B0                B0  proj_e_compare_string
              B0                B0  proj_e_compare_string.compare_next_character
              C1                C1  proj_e_compare_string.conclude_equal
              C5                C5  proj_e_compare_string.conclude_not_equal
              C6                C6  proj_e_compare_string.done
              C7                C7  proj_e_compare_start_string
              C7                C7  proj_e_compare_start_string.compare_next_character
              D9                D9  proj_e_compare_start_string.conclude_equal
              DD                DD  proj_e_compare_start_string.conclude_not_equal
              DE                DE  proj_e_compare_start_string.done
              DF                DF  proj_e_length_string
              E3                E3  proj_e_length_string.more
              ED                ED  proj_e_length_string.done
              F6                F6  proj_e_length_string.counter
              F8                F8  proj_e_tokenize_string
              F9                F9  proj_e_tokenize_string.next_char
             106               106  proj_e_tokenize_string.return_token
             10E               10E  proj_e_tokenize_string.no_more
             113               113  proj_e_hex_to_int
             125               125  proj_e_hex_to_int.try_upper_letter
             135               135  proj_e_hex_to_int.try_lower_letters
             145               145  proj_e_hex_to_int.end
             149               149  proj_e_hex_to_int.error
             150               150  proj_e_hex_to_int.done
             154               154  proj_e_hex_to_int.val
             155               155  proj_e_hex_to_int.error_msg
             185               185  proj_e_2hex_to_int
             1A7               1A7  proj_e_2hex_to_int.end
             1AB               1AB  proj_e_2hex_to_int.error
             1B2               1B2  proj_e_2hex_to_int.done
             1B6               1B6  proj_e_2hex_to_int.val
             1B7               1B7  proj_e_2hex_to_int.error_msg
             1E9               1E9  proj_e_clear_screen
             1F8               1F8  proj_e_move_cursor
             203               203  proj_e_init_vid_mem
             213               213  sectors_per_track
             215               215  heads_per_track
             217               217  bytes_per_sector
             219               219  drive_number
             21B               21B  msg_error_reading_floppy
             23C               23C  msg_error_writing_floppy
             260               260  abs_sector
             262               262  abs_head
             264               264  abs_track
             266               266  lba_number
             268               268  destination
             26A               26A  proj_e_lbachs
             284               284  proj_e_read_file
             284               284  proj_e_read_file.begin
             28B               28B  proj_e_read_file.main
             28E               28E  proj_e_read_file.loop
             2BF               2BF  proj_e_read_file.sectordone
             2CE               2CE  proj_e_read_file.error
             2D8               2D8  proj_e_read_file.quit
             2D9               2D9  proj_e_read_file.end
             2DA               2DA  data
             2DA               2DA  version
             2E1               2E1  msg_info
             33A               33A  msg_app_load_ok
             362               362  msg_app_load_err
             384               384  msg_plum_load_ok
             3AD               3AD  msg_plum_load_err
             3D1               3D1  msg_error_color
             3EE               3EE  buffer
             436               436  password
             43D               43D  ask_pass
             448               448  wrong_pass
             45D               45D  good_pass
             475               475  pwd_state
             476               476  cursor
             47F               47F  command_echo
             484               484  command_color
             48A               48A  command_clear
             490               490  command_help
             495               495  command_rbt
             49C               49C  command_info
             4A1               4A1  command_test
             4A6               4A6  command_plum
             4AB               4AB  command_ver
             4B3               4B3  action_help
             4EA               4EA  msg_cmd_error
             4FC               4FC  main
             510               510  main.ask
             54A               54A  main.access_granted
             55B               55B  shell_begin
             5E2               5E2  shell_begin.wrong_input_error
             5F5               5F5  shell_begin.echo
             61B               61B  shell_begin.nl_echo
             621               621  shell_begin.end_echo
             624               624  shell_begin.color
             63F               63F  shell_begin.error_color
             645               645  shell_begin.end_color
             648               648  shell_begin.text
             658               658  shell_begin.clear
             678               678  shell_begin.error_clear
             67E               67E  shell_begin.end_clear
             681               681  shell_begin.help
             68A               68A  shell_begin.reboot
             68D               68D  shell_begin.info
             696               696  shell_begin.test
             6AF               6AF  shell_begin.app_loading_error
             6B8               6B8  shell_begin.jump_to_app
             6C3               6C3  shell_begin.plum
             6DC               6DC  shell_begin.plum_loading_error
             6E5               6E5  shell_begin.jump_to_plum
             6F0               6F0  shell_begin.version

