
- NASM Map file ---------------------------------------------------------------

Source file:  src/kernel.asm
Output file:  build/kernel.bin

-- Program origin -------------------------------------------------------------

00000000

-- Sections (summary) ---------------------------------------------------------

Vstart            Start             Stop              Length    Class     Name
               0                 0              4000  00004000  progbits  .text

-- Sections (detailed) --------------------------------------------------------

---- Section .text ------------------------------------------------------------

class:     progbits
length:                4000
start:                    0
align:     not defined
follows:   not defined
vstart:                   0
valign:    not defined
vfollows:  not defined

-- Symbols --------------------------------------------------------------------

---- No Section ---------------------------------------------------------------

Value     Name
00000021  APP_BLOCK_START
00000008  APP_BLOCKS_SIZE
000007E0  APP_SEGMENT


---- Section .text ------------------------------------------------------------

Real              Virtual           Name
               0                 0  start
               3                 3  nl
               6                 6  proj_e_print
               8                 8  proj_e_print.printchar
              12                12  proj_e_print.done
              13                13  proj_e_reboot
              18                18  proj_e_waitkeypress
              1D                1D  proj_e_print_hex
              26                26  proj_e_print_hex_word
              36                36  proj_e_print_hex_word.loop
              4F                4F  proj_e_get_user_input
              52                52  proj_e_get_user_input.get_char_and_add_to_buffer
              6E                6E  proj_e_get_user_input.backspace_pressed
              8A                8A  proj_e_get_user_input.enter_pressed
              8D                8D  proj_e_get_user_input.buffer_overflow
              90                90  proj_e_get_user_input.exit_routine
              A0                A0  proj_e_compare_string
              A0                A0  proj_e_compare_string.compare_next_character
              B1                B1  proj_e_compare_string.conclude_equal
              B5                B5  proj_e_compare_string.conclude_not_equal
              B6                B6  proj_e_compare_string.done
              B7                B7  proj_e_clear_screen
              C6                C6  proj_e_move_cursor
              D1                D1  proj_e_init_vid_mem
              E1                E1  sectors_per_track
              E3                E3  heads_per_track
              E5                E5  bytes_per_sector
              E7                E7  drive_number
              E9                E9  msg_error_reading_floppy
             10A               10A  abs_sector
             10C               10C  abs_head
             10E               10E  abs_track
             110               110  lba_number
             112               112  destination
             114               114  proj_e_lbachs
             12E               12E  proj_e_read_file
             12E               12E  proj_e_read_file.begin
             135               135  proj_e_read_file.main
             138               138  proj_e_read_file.loop
             169               169  proj_e_read_file.sectordone
             178               178  proj_e_read_file.error
             182               182  proj_e_read_file.quit
             183               183  proj_e_read_file.end
             184               184  data
             184               184  msg_info
             1AB               1AB  msg_app_load_ok
             1C1               1C1  msg_app_load_err
             1E3               1E3  buffer
             22B               22B  shell_cursor
             234               234  shell_command_help
             239               239  shell_action_help
             256               256  shell_command_rbt
             25D               25D  shell_command_info
             262               262  shell_command_test
             267               267  shell_command_dump
             26C               26C  shell_error_wrong_command
             27E               27E  main
             282               282  shell_begin
             2C1               2C1  shell_begin.wrong_input_error
             2CA               2CA  shell_begin.command_help
             2D3               2D3  shell_begin.command_rbt
             2D6               2D6  shell_begin.command_info
             2DF               2DF  shell_begin.command_test
             2F8               2F8  shell_begin.app_loading_error
             301               301  shell_begin.jump_to_app
             30C               30C  shell_begin.command_dump

